SELECT * FROM table_with_name_column;
 a | a_name  
---+---------
 1 | abc def 
 2 | ghi jkl 
(2 rows)
SELECT attname, atttypid::regtype FROM pg_attribute WHERE attrelid='table_with_name_column'::regclass and attname='a_name';
 attname | atttypid          
---------+-------------------
 a_name  | character varying 
(1 row)
