SELECT * FROM table_with_unique_constraint;
 author | title 
--------+-------
 1      | 1     
 2      | 2     
(2 rows)
SELECT * FROM table_with_primary_constraint;
 author | title 
--------+-------
 1      | 1     
 2      | 2     
(2 rows)
