ALTER TABLE tsquery_tbl ALTER COLUMN b TYPE TSQUERY USING b::tsquery;
ALTER
SELECT * FROM tsquery_tbl;
 a | b              
---+----------------
 a | 'New' & 'York' 
 a | 'New' & 'York' 
 a | 'New' & 'York' 
 a | 'New' & 'York' 
(4 rows)
SELECT * FROM tsquery_tbl WHERE b @> 'New';
 a | b              
---+----------------
 a | 'New' & 'York' 
 a | 'New' & 'York' 
 a | 'New' & 'York' 
 a | 'New' & 'York' 
(4 rows)
